../Core/Src/main.c:107:7:send_AT_command	16	static
../Core/Src/main.c:112:7:processFlag	72	static
../Core/Src/main.c:146:7:processPumpData	40	dynamic
../Core/Src/main.c:178:7:HAL_UARTEx_RxEventCallback	80	static
../Core/Src/main.c:256:5:main	16	static
../Core/Src/main.c:341:6:SystemClock_Config	120	static
../Core/Src/main.c:389:13:MX_UART4_Init	8	static
../Core/Src/main.c:437:13:MX_USART1_UART_Init	8	static
../Core/Src/main.c:485:13:MX_USART3_UART_Init	8	static
../Core/Src/main.c:533:13:MX_GPIO_Init	48	static
../Core/Src/main.c:579:6:Error_Handler	4	static,ignoring_inline_asm
